// Jest Snapshot v1, https://goo.gl/fbAQLP

exports[`testing copyright component Copyright is fine 1`] = `
<div
  className="copyright"
>
  <span
    className="copyright__letter copyright__letter--1"
  >
    W
  </span>
  <span
    className="copyright__letter copyright__letter--2"
  >
    I
  </span>
  <span
    className="copyright__letter copyright__letter--3"
  >
    T
  </span>
  <span
    className="copyright__letter copyright__letter--4"
  >
    H
  </span>
  <span
    className="copyright__letter copyright__letter--5"
  >
     
  </span>
  <span
    className="copyright__letter copyright__letter--6"
  >
    L
  </span>
  <span
    className="copyright__letter copyright__letter--7"
  >
    O
  </span>
  <span
    className="copyright__letter copyright__letter--8"
  >
    V
  </span>
  <span
    className="copyright__letter copyright__letter--9"
  >
    E
  </span>
  <span
    className="copyright__letter copyright__letter--10"
  >
     
  </span>
  <span
    className="copyright__letter copyright__letter--11"
  >
    F
  </span>
  <span
    className="copyright__letter copyright__letter--12"
  >
    R
  </span>
  <span
    className="copyright__letter copyright__letter--13"
  >
    O
  </span>
  <span
    className="copyright__letter copyright__letter--14"
  >
    M
  </span>
  <span
    className="copyright__letter copyright__letter--15"
  >
     
  </span>
  <span
    className="copyright__letter copyright__letter--16"
  >
    A
  </span>
  <span
    className="copyright__letter copyright__letter--17"
  >
    D
  </span>
  <span
    className="copyright__letter copyright__letter--18"
  >
    A
  </span>
  <span
    className="copyright__letter copyright__letter--19"
  >
    M
  </span>
  <span
    className="copyright__letter copyright__letter--20"
  >
     
  </span>
  <span
    className="copyright__letter copyright__letter--21"
  >
    L
  </span>
  <span
    className="copyright__letter copyright__letter--22"
  >
    E
  </span>
  <span
    className="copyright__letter copyright__letter--23"
  >
    O
  </span>
  <span
    className="copyright__letter copyright__letter--24"
  >
    S
  </span>
  <span
    className="copyright__letter copyright__letter--25"
  >
     
  </span>
</div>
`;
